cusat@cusat-SBKPF:~$ sudo mysql
[sudo] password for cusat: 
Welcome to the MySQL monitor.  Commands end with ; or \g.
Your MySQL connection id is 8
Server version: 8.0.40 MySQL Community Server - GPL

Copyright (c) 2000, 2024, Oracle and/or its affiliates.

Oracle is a registered trademark of Oracle Corporation and/or its
affiliates. Other names may be trademarks of their respective
owners.

Type 'help;' or '\h' for help. Type '\c' to clear the current input statement.

mysql> CREATE DATABASE Triggers;
Query OK, 1 row affected (0.00 sec)

mysql> USE Triggers;
Database changed
mysql> CREATE TABLE Event(Event_id int primary key,Name varchar(15),Description text,City varchar(20));
Query OK, 0 rows affected (0.03 sec)

mysql> CREATE TABLE Participant(Player_id varchar(10),Name varchar(20),Event_id int,FOREIGN KEY(Event_id) REFERENCES Event(Event_id),Gender char,Years year)
    -> ;
Query OK, 0 rows affected (0.03 sec)

mysql> Drop Table Participant;
Query OK, 0 rows affected (0.02 sec)

mysql> CREATE TABLE Participant(Player_id varchar(10) primary key,Name varchar(20),Event_id int,FOREIGN KEY(Event_id) REFERENCES Event(Event_id),Gender char,Years year);
Query OK, 0 rows affected (0.03 sec)

mysql> CREATE TABLE Prizes(Prize_id int primary key,Money int(10),Event_id int,FOREIGN KEY (Event_id) References Event(Event_id),Ranks int,Years year);
Query OK, 0 rows affected, 1 warning (0.04 sec)

mysql> CREATE TABLE Winners(Prize_id int,foreign key(Prize_id) References Prizes(Prize_id),^C
mysql> CREATE TABLE Winners(Prize_id int,foreign key(Prize_id) References Prizes(Prize_id),Player_id int,foreign key(Player_id) Referenc
es Participant(Player_id));
ERROR 3780 (HY000): Referencing column 'Player_id' and referenced column 'Player_id' in foreign key constraint 'Winners_ibfk_2' are incompatible.
mysql> CREATE TABLE Winners(Prize_id int,foreign key(Prize_id) References Prizes(Prize_id),Player_id varchar(10),foreign key(Player_id)
References Participant(Player_id));
Query OK, 0 rows affected (0.03 sec)

mysql> DELIMITTER $$
    -> CREATE TRIGGER InsertPrizes
    -> AFTER INSERT ON Event
    -> FOR EACH ROW
    -> BEGIN;
ERROR 1064 (42000): You have an error in your SQL syntax; check the manual that corresponds to your MySQL server version for the right syntax to use near 'DELIMITTER $$
CREATE TRIGGER InsertPrizes
AFTER INSERT ON Event
FOR EACH ROW
BEG' at line 1
mysql> DELIMITER $$
mysql> 
mysql> CREATE TRIGGER insert_prizes_after_event
    -> AFTER INSERT ON Event
    -> FOR EACH ROW
    -> BEGIN
    ->     DECLARE current_year INT;
    ->     
    ->     -- Get the current year
    ->     SET current_year = YEAR(CURDATE());
    -> 
    ->     -- Insert prizes for the new event
    ->     INSERT INTO Prizes (money, event_id, rank, year)
    ->     VALUES (1500, NEW.event_id, 1, current_year),  -- 1st prize
    ->            (1000, NEW.event_id, 2, current_year),  -- 2nd prize
    ->            (500, NEW.event_id, 3, current_year);   -- 3rd prize
    -> END$$
ERROR 1064 (42000): You have an error in your SQL syntax; check the manual that corresponds to your MySQL server version for the right syntax to use near 'rank, year)
    VALUES (1500, NEW.event_id, 1, current_year),  
           (1000' at line 11
mysql> 
mysql> DELIMITER ;
mysql> You said:
    -> dcf86t tmkl ,0569g
    -> /...........
    -> ChatGPT said:
    -> ChatGPT
    -> 
    -> It seems like your message might have some random or mistyped characters. Could you clarify what you meant or rephrase your question? I'm here to help!
    '> You said:
    '> code language
    '> ChatGPT said:
    '> ChatGPT
    '> 
    '> It looks like you've typed something that could resemble a code or cipher, but it's unclear which specific coding language or cipher you're referring to. If you're asking about a particular type of encoding, programming language, or a cryptography method, could you provide a bit more context?
    '> 
    '> For example, if you're referring to:
    -> 
    ->     Programming code (like Python, JavaScript, etc.)
    ->     Cryptographic encoding (such as Base64, Caesar Cipher, etc.)
    ->     Encoded text or some shorthand symbols
    ->     Obfuscated text that needs to be decoded
    -> 
    -> Let me know how I can assist you better!
    -> You said:
    -> 1. Implementation of triggers *
    -> Create the following tables:
    -> Event(event_id,name,desc,city)
    -> Participant(player_id,name,event_id,gender,year)
    -> Prizes(prize_id,money,event_id,rank,year)
    -> Winners(prize_id,player_id)
    -> Write a trigger to make sure that for every new event create 3 prizes are created in prize
    -> table( 1st prize-1500,2nd prize-1000,3rd-50
    -> ChatGPT said:
    -> ChatGPT
    -> 
    -> To achieve the desired functionality, we need to create a trigger that will automatically insert 3 prizes for each new event that is added to the Event table. The three prizes will be:
    -> 
    ->     1st prize with a money value of 1500
    ->     2nd prize with a money value of 1000
    ->     3rd prize with a money value of 500
    -> 
    -> Here’s how you can implement this trigger in SQL:
    -> Step 1: Create the required tables
    -> 
    -> First, let's define the Event, Participant, Prizes, and Winners tables as per the schema you provided.
    '> 
    '> CREATE TABLE Event (
    '>     event_id INT PRIMARY KEY,
    '>     name VARCHAR(100),
    '>     description TEXT,
    '>     city VARCHAR(100)
    '> );
    '> 
    '> CREATE TABLE Participant (
    '>     player_id INT PRIMARY KEY,
    '>     name VARCHAR(100),
    '>     event_id INT,
    '>     gender VARCHAR(10),
    '>     year INT,
    '>     FOREIGN KEY (event_id) REFERENCES Event(event_id)
    '> );
    '> 
    '> CREATE TABLE Prizes (
    '>     prize_id INT PRIMARY KEY AUTO_INCREMENT,
    '>     money INT,
    '>     event_id INT,
    '>     rank INT,
    '>     year INT,
    '>     FOREIGN KEY (event_id) REFERENCES Event(event_id)
    '> );
    '> 
    '> CREATE TABLE Winners (
    '>     prize_id INT,
    '>     player_id INT,
    '>     PRIMARY KEY (prize_id, player_id),
    '>     FOREIGN KEY (prize_id) REFERENCES Prizes(prize_id),
    '>     FOREIGN KEY (player_id) REFERENCES Participant(player_id) 
    '> );
    '> 
    '> Step 2: Create the trigger for inserting prizes
    '> 
    '> Next, we will create a trigger that will automatically insert 3 prizes into the Prizes table whenever a new event is added to the Event table.
    '> 
    '> DELIMITER $$
    '> 
    '> CREATE TRIGGER insert_prizes_after_event
    '> AFTER INSERT ON Event
    '> FOR EACH ROW
    '> BEGIN
    '>     DECLARE current_year INT;
    '>     
    '>     -- Get the current year
    '>     SET current_year = YEAR(CURDATE());
    '> 
    '>     -- Insert prizes for the new event
    '>     INSERT INTO Prizes (money, event_id, rank, year)
    '>     VALUES (1500, NEW.event_id, 1, current_year),  -- 1st prize
    '>            (1000, NEW.event_id, 2, current_year),  -- 2nd prize
    '>            (500, NEW.event_id, 3, current_year);   -- 3rd prize
    '> END$$
    '> ';
ERROR 1064 (42000): You have an error in your SQL syntax; check the manual that corresponds to your MySQL server version for the right syntax to use near 'You said:
dcf86t tmkl ,0569g
/...........
ChatGPT said:
ChatGPT

It seems like y' at line 1
mysql> DELIMITER $$
mysql> 
mysql> CREATE TRIGGER insert_prizes_after_event
    -> AFTER INSERT ON Event
    -> FOR EACH ROW
    -> BEGIN
    ->     DECLARE current_year INT;
    ->     
    ->     -- Get the current year
    ->     SET current_year = YEAR(CURDATE());
    -> 
    ->     -- Insert prizes for the new event
    ->     INSERT INTO Prizes (money, event_id, rank, year)
    ->     VALUES (1500, NEW.event_id, 1, current_year),  -- 1st prize
    ->            (1000, NEW.event_id, 2, current_year),  -- 2nd prize
    ->            (500, NEW.event_id, 3, current_year);   -- 3rd prize
    -> END$$
ERROR 1064 (42000): You have an error in your SQL syntax; check the manual that corresponds to your MySQL server version for the right syntax to use near 'rank, year)
    VALUES (1500, NEW.event_id, 1, current_year),  
           (1000' at line 11
mysql> 
mysql> DELIMITER ;
mysql> DELIMITER $$
mysql> 
mysql> CREATE TRIGGER insert_prizes_after_event
    -> AFTER INSERT ON Event
    -> FOR EACH ROW
    -> BEGIN
    ->     DECLARE current_year INT;
    ->     
    ->     -- Get the current year
    ->     SET current_year = YEAR(CURDATE());
    -> 
    ->     -- Insert prizes for the new event
    ->     INSERT INTO Prizes (money, event_id, rank, year)
    ->     VALUES (1500, NEW.Event_id, 1, current_year),  -- 1st prize
    ->            (1000, NEW.Event_id, 2, current_year),  -- 2nd prize
    ->            (500, NEW.Event_id, 3, current_year);   -- 3rd prize
    -> END$$
ERROR 1064 (42000): You have an error in your SQL syntax; check the manual that corresponds to your MySQL server version for the right syntax to use near 'rank, year)
    VALUES (1500, NEW.Event_id, 1, current_year),  
           (1000' at line 11
mysql> 
mysql> DELIMITER ;
mysql> DELIMITER $$
mysql> 
mysql> CREATE TRIGGER insert_prizes_after_event
    -> AFTER INSERT ON Event
    -> FOR EACH ROW
    -> BEGIN
    ->     DECLARE current_year INT;
    ->     
    ->     -- Get the current year
    ->     SET current_year = YEAR(CURDATE());
    -> 
    ->     -- Insert prizes for the new event
    ->     INSERT INTO Prizes (Money, Event_id, Rank, Years)
    ->     VALUES (1500, NEW.Event_id, 1, current_year),  -- 1st prize
    ->            (1000, NEW.Event_id, 2, current_year),  -- 2nd prize
    ->            (500, NEW.Event_id, 3, current_year);   -- 3rd prize
    -> END$$
ERROR 1064 (42000): You have an error in your SQL syntax; check the manual that corresponds to your MySQL server version for the right syntax to use near 'Rank, Years)
    VALUES (1500, NEW.Event_id, 1, current_year),  
           (100' at line 11
mysql> 
mysql> DELIMITER ;
mysql> DELIMITER $$
mysql> 
mysql> CREATE TRIGGER insert_prizes_after_event
    -> AFTER INSERT ON Event
    -> FOR EACH ROW
    -> BEGIN
    ->     DECLARE current_year INT;
    ->     
    ->     -- Get the current year
    ->     SET current_year = YEAR(CURDATE());
    -> 
    ->     -- Insert prizes for the new event
    ->     INSERT INTO Prizes (Money, Event_id, Ranks, Years)
    ->     VALUES (1500, NEW.Event_id, 1, current_year),  -- 1st prize
    ->            (1000, NEW.Event_id, 2, current_year),  -- 2nd prize
    ->            (500, NEW.Event_id, 3, current_year);   -- 3rd prize
    -> END$$
Query OK, 0 rows affected (0.01 sec)

mysql> 
mysql> DELIMITER ;
mysql> -- Insert a new event
mysql> INSERT INTO Event (Event_id, Name, Description, City)
    -> VALUES (1, 'Sports Meet', 'An annual sports event', 'New York');
ERROR 1364 (HY000): Field 'Prize_id' doesn't have a default value
mysql> 
mysql> -- Check the Prizes table
mysql> SELECT * FROM Prizes;
Empty set (0.00 sec)

mysql> INSERT INTO Event (Event_id, Name, Description, City)
    -> VALUES (1, 'Sports Meet', 'An annual sports event', 'New York');
ERROR 1364 (HY000): Field 'Prize_id' doesn't have a default value
mysql> 
mysql> SELECT * FROM Prizes;INSERT INTO Event (Event_id, Name, Description, City)
Empty set (0.00 sec)

    -> VALUES (1, 'Sports Meet', 'An annual sports event', 'New York');
ERROR 1364 (HY000): Field 'Prize_id' doesn't have a default value
mysql> 
mysql> SELECT * FROM Prizes;
Empty set (0.00 sec)

